[     120ms] [LOG] [Fast Refresh] rebuilding @ http://localhost:3000/_next/static/chunks/node_modules_next_dist_f3530cac._.js:2297
[     447ms] [LOG] [Fast Refresh] done in 429ms @ http://localhost:3000/_next/static/chunks/node_modules_next_dist_f3530cac._.js:2297
[    1072ms] [INFO] %cDownload the React DevTools for a better development experience: https://react.dev/link/react-devtools font-weight:bold @ http://localhost:3000/_next/static/chunks/node_modules_next_dist_f3530cac._.js:2297
[    1086ms] [LOG] [HMR] connected @ http://localhost:3000/_next/static/chunks/node_modules_next_dist_f3530cac._.js:2297
[    1212ms] [ERROR] A tree hydrated but some attributes of the server rendered HTML didn't match the client properties. This won't be patched up. This can happen if a SSR-ed Client Component used:

- A server/client branch `if (typeof window !== 'undefined')`.
- Variable input such as `Date.now()` or `Math.random()` which changes each time it's called.
- Date formatting in a user's locale which doesn't match the server.
- External changing data without sending a snapshot of it along with the HTML.
- Invalid HTML tag nesting.

It can also happen if the client has a browser extension installed which messes with the HTML before React loaded.

%s%s https://react.dev/link/hydration-mismatch 

  ...
    <div className="_toolbarGr...">
      ...
        <RovingFocusGroupCollectionItemSlot scope={{...}} id="radix-_R_1..." focusable={true} active={false}>
          <RovingFocusGroupCollectionItemSlot.Slot data-radix-collection-item="" ref={function}>
            <RovingFocusGroupCollectionItemSlot.SlotClone data-radix-collection-item="" ref={function}>
              <Primitive.span tabIndex={-1} data-orientation="horizontal" asChild={true} ref={function} ...>
                <Primitive.span.Slot tabIndex={-1} data-orientation="horizontal" onMouseDown={function handleEvent} ...>
                  <Primitive.span.SlotClone tabIndex={-1} data-orientation="horizontal" ...>
                    <Primitive.button type="button" asChild={true} ref={function} tabIndex={-1} ...>
                      <Primitive.button.Slot type="button" tabIndex={-1} data-orientation="horizontal" ...>
                        <Primitive.button.SlotClone type="button" tabIndex={-1} data-orientation="horizontal" ...>
                          <ToggleGroupItem __scopeToggleGroup={{...}} className="_toolbarTo..." data-toolbar-item={true} ...>
                            <Toggle role="radio" aria-checked={false} aria-pressed={undefined} className="_toolbarTo..." ...>
                              <Primitive.button type="button" aria-pressed={undefined} data-state="off" data-disabled="" ...>
                                <button
                                  type="button"
                                  aria-pressed={undefined}
                                  data-state="off"
                                  data-disabled=""
                                  role="radio"
                                  aria-checked={false}
                                  className="_toolbarToggleItem_1e2ox_208"
                                  data-toolbar-item={true}
+                                 aria-label="Undo ⌘Z"
-                                 aria-label="Undo Ctrl+Z"
                                  disabled={true}
                                  tabIndex={-1}
                                  data-orientation="horizontal"
                                  onMouseDown={function handleEvent}
                                  onFocus={function handleEvent}
                                  onKeyDown={function handleEvent}
                                  data-radix-collection-item=""
                                  onClick={function handleEvent}
                                  ref={function}
                                >
      ...
        <RovingFocusGroupCollectionItemSlot scope={{...}} id="radix-_R_2..." focusable={true} active={false}>
          <RovingFocusGroupCollectionItemSlot.Slot data-radix-collection-item="" ref={function}>
            <RovingFocusGroupCollectionItemSlot.SlotClone data-radix-collection-item="" ref={function}>
              <Primitive.span tabIndex={-1} data-orientation="horizontal" asChild={true} ref={function} ...>
                <Primitive.span.Slot tabIndex={-1} data-orientation="horizontal" onMouseDown={function handleEvent} ...>
                  <Primitive.span.SlotClone tabIndex={-1} data-orientation="horizontal" ...>
                    <Primitive.button type="button" asChild={true} ref={function} tabIndex={-1} ...>
                      <Primitive.button.Slot type="button" tabIndex={-1} data-orientation="horizontal" ...>
                        <Primitive.button.SlotClone type="button" tabIndex={-1} data-orientation="horizontal" ...>
                          <ToggleGroupItem __scopeToggleGroup={{...}} className="_toolbarTo..." data-toolbar-item={true} ...>
                            <Toggle role="radio" aria-checked={false} aria-pressed={undefined} className="_toolbarTo..." ...>
                              <Primitive.button type="button" aria-pressed={undefined} data-state="off" data-disabled="" ...>
                                <button
                                  type="button"
                                  aria-pressed={undefined}
                                  data-state="off"
                                  data-disabled=""
                                  role="radio"
                                  aria-checked={false}
                                  className="_toolbarToggleItem_1e2ox_208"
                                  data-toolbar-item={true}
+                                 aria-label="Redo ⌘Y"
-                                 aria-label="Redo Ctrl+Y"
                                  disabled={true}
                                  tabIndex={-1}
                                  data-orientation="horizontal"
                                  onMouseDown={function handleEvent}
                                  onFocus={function handleEvent}
                                  onKeyDown={function handleEvent}
                                  data-radix-collection-item=""
                                  onClick={function handleEvent}
                                  ref={function}
                                >
 @ http://localhost:3000/_next/static/chunks/node_modules_next_dist_f3530cac._.js:3127
[    1431ms] [LOG] [Fast Refresh] rebuilding @ http://localhost:3000/_next/static/chunks/node_modules_next_dist_f3530cac._.js:2297
[    1538ms] [LOG] [Fast Refresh] done in 209ms @ http://localhost:3000/_next/static/chunks/node_modules_next_dist_f3530cac._.js:2297
[   36125ms] [ERROR] Base UI: A component that acts as a button expected a native <button> because the `nativeButton` prop is true. Rendering a non-<button> removes native button semantics, which can impact forms and accessibility. Use a real <button> in the `render` prop, or set `nativeButton` to `false`.
    at AdminProductsPage (about://React/Server/file:///Users/arturo/git/ecomerce/.next/dev/server/chunks/ssr/%5Broot-of-the-server%5D__85e3477d._.js?41:581:289) @ http://localhost:3000/_next/static/chunks/node_modules_next_dist_f3530cac._.js:3127
[   36126ms] [ERROR] Base UI: A component that acts as a button expected a native <button> because the `nativeButton` prop is true. Rendering a non-<button> removes native button semantics, which can impact forms and accessibility. Use a real <button> in the `render` prop, or set `nativeButton` to `false`.
    at AdminProductsPage (about://React/Server/file:///Users/arturo/git/ecomerce/.next/dev/server/chunks/ssr/%5Broot-of-the-server%5D__85e3477d._.js?46:620:286) @ http://localhost:3000/_next/static/chunks/node_modules_next_dist_f3530cac._.js:3127
